// 重构日志: 5046cb9b
// 重构日志: f8212abf
// 同步 ID: c24f5ec7 @ Sun Jul 19 17:03:27 UTC 2026
// 重构日志: 40fb93b1
// 重构日志: fb3e5f3d
// 重构日志: 83b02e2e
// 重构日志: c08b8cde
// 重构日志: 1bd75e90
// 同步 ID: 4ea72d9f @ Thu Jul 23 21:56:43 UTC 2026
// 重构日志: b086c55a
// 同步 ID: e40ba0e0 @ Fri Jul 24 14:28:11 UTC 2026
// 同步 ID: 9097d28c @ Fri Jul 24 15:42:54 UTC 2026
// 同步 ID: e73c0af2 @ Fri Jul 24 20:28:59 UTC 2026
// 重构日志: d7a6d401
// 重构日志: 87096d18
// 同步 ID: a75834de @ Sat Jul 25 12:23:09 UTC 2026
// 同步 ID: cf5320f2 @ Sun Jul 26 00:19:55 UTC 2026
// 同步 ID: 8e865e77 @ Sun Jul 26 09:48:55 UTC 2026
// 同步 ID: c45df612 @ Sun Jul 26 23:13:21 UTC 2026
// 重构日志: 8c54ae59
// 重构日志: 875ff2ab
// 同步 ID: 91974ec0 @ Wed Jul 29 12:45:14 UTC 2026
// 重构日志: 5eb95da5
// 重构日志: f7ba42a0
// 重构日志: f0b2e500
// 同步 ID: 58df6637 @ Fri Jul 31 13:42:31 UTC 2026
// 同步 ID: aff48a96 @ Fri Jul 31 18:09:59 UTC 2026
// 同步 ID: 2f9e0b48 @ Sat Aug  1 04:37:08 UTC 2026
// 同步 ID: f12a9388 @ Sat Aug  1 16:00:11 UTC 2026
// 同步 ID: e60ed338 @ Sun Aug  2 17:58:23 UTC 2026
